test line
asdf